[leftma7t.beget.tech/index.html]
[backblue.gif]
[fade.gif]
[index.html]
[leftma7t.beget.tech/wp-content/uploads/2022/03/personaltrainer3-section-bg3.webp]
[leftma7t.beget.tech/wp-includes/css/dist/block-library/style.min37ad.css]
[s.w.org/index.html]
[fonts.googleapis.com/index.html]
[leftma7t.beget.tech/wp-content/plugins/contact-form-7/includes/css/styles5697.css]
[leftma7t.beget.tech/feed/index.html]
[leftma7t.beget.tech/comments/feed/index.html]
[leftma7t.beget.tech/wp-content/themes/betheme_v26_распак/css/be4828.css]
[leftma7t.beget.tech/wp-content/themes/betheme_v26_распак/assets/animations/animations.min4828.css]
[leftma7t.beget.tech/wp-content/themes/betheme_v26_распак/fonts/fontawesome/fontawesome4828.css]
[leftma7t.beget.tech/wp-content/themes/betheme_v26_распак/assets/jplayer/css/jplayer.blue.monday.min4828.css]
[leftma7t.beget.tech/wp-content/themes/betheme_v26_распак/css/responsive4828.css]
[leftma7t.beget.tech/wp-includes/js/jquery/jquery.minaf6c.js]
[leftma7t.beget.tech/wp-includes/js/jquery/jquery-migrate.mind617.js]
[leftma7t.beget.tech/wp-json/wp/v2/pages/6.json]
[leftma7t.beget.tech/wp-includes/wlwmanifest.xml]
[leftma7t.beget.tech/wp-json/index.html]
[leftma7t.beget.tech/wp-json/oembed/1.0/embed163d.json]
[leftma7t.beget.tech/wp-json/oembed/1.0/embedae55]
[leftma7t.beget.tech/wp-content/uploads/2022/03/personaltrainer3.svg]
[leftma7t.beget.tech/wp-content/uploads/2022/03/personaltrainer3-quote1.svg]
[leftma7t.beget.tech/wp-content/uploads/2022/03/personaltrainer3-diagram.svg]
[leftma7t.beget.tech/wp-content/uploads/2022/03/personaltrainer3-social1.svg]
[leftma7t.beget.tech/wp-content/uploads/2022/03/personaltrainer3-social1a.svg]
[leftma7t.beget.tech/wp-content/uploads/2022/03/personaltrainer3-social2.svg]
[leftma7t.beget.tech/wp-content/uploads/2022/03/personaltrainer3-social2a.svg]
[leftma7t.beget.tech/wp-content/uploads/2022/03/personaltrainer3-social3.svg]
[leftma7t.beget.tech/wp-content/uploads/2022/03/personaltrainer3-social3a.svg]
[leftma7t.beget.tech/wp-content/uploads/2022/03/personaltrainer3-icon1.svg]
[leftma7t.beget.tech/wp-content/uploads/2022/03/personaltrainer3-icon2.svg]
[leftma7t.beget.tech/wp-content/uploads/2022/03/personaltrainer3-icon3.svg]
[leftma7t.beget.tech/wp-content/uploads/2022/03/personaltrainer3-icon4.svg]
[leftma7t.beget.tech/wp-content/uploads/2022/03/personaltrainer3-testimonials1.webp]
[leftma7t.beget.tech/wp-content/uploads/2022/03/personaltrainer3-quote2.svg]
[leftma7t.beget.tech/wp-content/uploads/2022/03/personaltrainer3-testimonials2.webp]
[leftma7t.beget.tech/wp-content/uploads/2022/03/personaltrainer3-pic4.svg]
[leftma7t.beget.tech/wp-content/uploads/2022/03/personaltrainer3-pic5.webp]
[leftma7t.beget.tech/wp-content/uploads/2022/03/personaltrainer3-pic6.webp]
[leftma7t.beget.tech/wp-content/uploads/2022/03/personaltrainer3-pic7.webp]
[leftma7t.beget.tech/wp-content/uploads/2022/03/personaltrainer3-logo.svg]
[leftma7t.beget.tech/wp-content/uploads/betheme/css/post-65839.css]
[leftma7t.beget.tech/wp-includes/js/dist/vendor/regenerator-runtime.min3937.js]
[leftma7t.beget.tech/wp-includes/js/dist/vendor/wp-polyfill.min2c7c.js]
[leftma7t.beget.tech/wp-content/plugins/contact-form-7/includes/js/index5697.js]
[leftma7t.beget.tech/wp-includes/js/jquery/ui/core.min0028.js]
[leftma7t.beget.tech/wp-includes/js/jquery/ui/tabs.min0028.js]
[leftma7t.beget.tech/wp-content/themes/betheme_v26_распак/js/plugins4828.js]
[leftma7t.beget.tech/wp-content/themes/betheme_v26_распак/js/menu4828.js]
[leftma7t.beget.tech/wp-content/themes/betheme_v26_распак/assets/animations/animations.min4828.js]
[leftma7t.beget.tech/wp-content/themes/betheme_v26_распак/assets/jplayer/jplayer.min4828.js]
[leftma7t.beget.tech/wp-content/themes/betheme_v26_распак/js/parallax/translate3d4828.js]
[leftma7t.beget.tech/wp-content/themes/betheme_v26_распак/js/scripts4828.js]
[leftma7t.beget.tech/index.html]
[fonts.googleapis.com/index.html]
[s.w.org/index.html]
[fonts.googleapis.com/css4b54.css]
[fonts.googleapis.com/css5fb8.css]
[leftma7t.beget.tech/xmlrpc0db0.html]
[leftma7t.beget.tech/feed/index.html]
[leftma7t.beget.tech/comments/feed/index.html]
[leftma7t.beget.tech/wp-json/index.html]
[leftma7t.beget.tech/wp-includes/css/dist/block-library/style.min37ad.css]
[leftma7t.beget.tech/wp-content/uploads/2022/03/personaltrainer3-testimonials2.webp]
[leftma7t.beget.tech/wp-content/plugins/contact-form-7/includes/css/styles5697.css]
[leftma7t.beget.tech/wp-content/uploads/2022/03/personaltrainer3-pic5.webp]
[leftma7t.beget.tech/wp-content/uploads/2022/03/personaltrainer3-pic6.webp]
[leftma7t.beget.tech/wp-content/uploads/2022/03/personaltrainer3-pic7.webp]
[leftma7t.beget.tech/wp-content/themes/betheme_v26_распак/fonts/mfn/icons4cdc.eot]
[leftma7t.beget.tech/wp-content/themes/betheme_v26_распак/fonts/mfn/icons4cdc.woff]
[leftma7t.beget.tech/wp-content/themes/betheme_v26_распак/fonts/mfn/icons4cdc.ttf]
[leftma7t.beget.tech/wp-content/themes/betheme_v26_распак/fonts/mfn/icons4cdc.svg]
[leftma7t.beget.tech/wp-content/themes/betheme_v26_распак/muffin-options/svg/be-mono.svg]
[leftma7t.beget.tech/wp-content/themes/betheme_v26_распак/images/stripes/stripes_5_b.png]
[leftma7t.beget.tech/wp-content/themes/betheme_v26_распак/fonts/mfn/icons4cdc.woff]
[leftma7t.beget.tech/wp-content/themes/betheme_v26_распак/images/stripes/stripes_5_b.png]
[leftma7t.beget.tech/wp-content/themes/betheme_v26_распак/fonts/mfn/icons4cdc.ttf]
[leftma7t.beget.tech/wp-content/themes/betheme_v26_распак/images/stripes/stripes_3_b.png]
[leftma7t.beget.tech/wp-content/themes/betheme_v26_распак/images/preloader.gif]
[leftma7t.beget.tech/wp-content/themes/betheme_v26_распак/images/preloader.gif]
[leftma7t.beget.tech/wp-content/themes/betheme_v26_распак/images/box_shadow.png]
[leftma7t.beget.tech/wp-content/themes/betheme_v26_распак/images/blog_masonry_tile_gradient.png]
[leftma7t.beget.tech/wp-content/themes/betheme_v26_распак/images/timeline_right.png]
[leftma7t.beget.tech/wp-content/themes/betheme_v26_распак/images/blog_masonry_tile_gradient.png]
[leftma7t.beget.tech/wp-content/themes/betheme_v26_распак/images/recent_comments.png]
[leftma7t.beget.tech/wp-content/themes/betheme_v26_распак/images/recent_comments.png]
[leftma7t.beget.tech/wp-content/themes/betheme_v26_распак/images/stripes/stripes_10_w.png]
[leftma7t.beget.tech/wp-content/themes/betheme_v26_распак/images/videomask.png]
[leftma7t.beget.tech/wp-content/themes/betheme_v26_распак/images/stripes/textline_dark.png]
[leftma7t.beget.tech/wp-content/themes/betheme_v26_распак/images/videomask.png]
[leftma7t.beget.tech/wp-content/themes/betheme_v26_распак/images/fancy_heading_hr_dark.png]
[leftma7t.beget.tech/wp-content/themes/betheme_v26_распак/images/mask_shapes/circle.svg]
[leftma7t.beget.tech/wp-content/themes/betheme_v26_распак/images/mask_shapes/blob.svg]
[leftma7t.beget.tech/wp-content/themes/betheme_v26_распак/images/mask_shapes/blob-2.svg]
[leftma7t.beget.tech/wp-content/themes/betheme_v26_распак/images/mask_shapes/brush.svg]
[leftma7t.beget.tech/wp-content/themes/betheme_v26_распак/images/mask_shapes/brush-2.svg]
[leftma7t.beget.tech/wp-content/themes/betheme_v26_распак/images/mask_shapes/cross.svg]
[leftma7t.beget.tech/wp-content/themes/betheme_v26_распак/images/mask_shapes/stain.svg]
[leftma7t.beget.tech/wp-content/themes/betheme_v26_распак/images/mask_shapes/triangle.svg]
[leftma7t.beget.tech/wp-content/themes/betheme_v26_распак/images/mask_shapes/irregular-circle.svg]
[leftma7t.beget.tech/wp-content/themes/betheme_v26_распак/images/stripes/stripes_10_b.png]
[leftma7t.beget.tech/wp-content/themes/betheme_v26_распак/images/timeline_top.png]
[leftma7t.beget.tech/wp-content/themes/betheme_v26_распак/images/timeline_left.png]
[leftma7t.beget.tech/wp-content/themes/betheme_v26_распак/images/fancy_heading_hr.png]
[leftma7t.beget.tech/wp-content/themes/betheme_v26_распак/images/bg_panel.png]
[leftma7t.beget.tech/wp-content/themes/betheme_v26_распак/css/be4828.css]
[leftma7t.beget.tech/wp-content/themes/betheme_v26_распак/assets/animations/animations.min4828.css]
[leftma7t.beget.tech/wp-content/themes/betheme_v26_распак/fonts/fontawesome/fa-brands-400.eot]
[leftma7t.beget.tech/wp-content/themes/betheme_v26_распак/fonts/fontawesome/fa-brands-400.woff2]
[leftma7t.beget.tech/wp-content/themes/betheme_v26_распак/fonts/fontawesome/fa-brands-400d41d.eot]
[leftma7t.beget.tech/wp-content/themes/betheme_v26_распак/fonts/fontawesome/fa-brands-400.woff]
[leftma7t.beget.tech/wp-content/themes/betheme_v26_распак/fonts/fontawesome/fa-brands-400.ttf]
[leftma7t.beget.tech/wp-content/themes/betheme_v26_распак/fonts/fontawesome/fa-regular-400.eot]
[leftma7t.beget.tech/wp-content/themes/betheme_v26_распак/fonts/fontawesome/fa-brands-400.svg]
[leftma7t.beget.tech/wp-content/themes/betheme_v26_распак/fonts/fontawesome/fa-regular-400.woff2]
[leftma7t.beget.tech/wp-content/themes/betheme_v26_распак/fonts/fontawesome/fa-regular-400.woff]
[leftma7t.beget.tech/wp-content/themes/betheme_v26_распак/fonts/fontawesome/fa-brands-400.woff]
[leftma7t.beget.tech/wp-content/themes/betheme_v26_распак/fonts/fontawesome/fa-regular-400.eot]
[leftma7t.beget.tech/wp-content/themes/betheme_v26_распак/fonts/fontawesome/fa-regular-400d41d.eot]
[leftma7t.beget.tech/wp-content/themes/betheme_v26_распак/fonts/fontawesome/fa-regular-400.58.delayed]
[leftma7t.beget.tech/wp-content/themes/betheme_v26_распак/fonts/fontawesome/fa-regular-400.woff2]
[leftma7t.beget.tech/wp-content/themes/betheme_v26_распак/fonts/fontawesome/fa-regular-400.svg]
[leftma7t.beget.tech/wp-content/themes/betheme_v26_распак/fonts/fontawesome/fa-regular-400.woff]
[leftma7t.beget.tech/wp-content/themes/betheme_v26_распак/fonts/fontawesome/fa-solid-900.eot]
[leftma7t.beget.tech/wp-content/themes/betheme_v26_распак/fonts/fontawesome/fa-solid-900d41d.eot]
[leftma7t.beget.tech/wp-content/themes/betheme_v26_распак/fonts/fontawesome/fa-solid-900.woff2]
[leftma7t.beget.tech/wp-content/themes/betheme_v26_распак/fonts/fontawesome/fa-solid-900.woff]
[leftma7t.beget.tech/wp-content/themes/betheme_v26_распак/fonts/fontawesome/fa-solid-900.ttf]
[leftma7t.beget.tech/wp-content/themes/betheme_v26_распак/fonts/fontawesome/fa-solid-900.svg]
[leftma7t.beget.tech/wp-content/themes/betheme_v26_распак/fonts/fontawesome/fontawesome4828.css]
[leftma7t.beget.tech/wp-content/themes/betheme_v26_распак/fonts/fontawesome/fa-solid-900.woff2]
[leftma7t.beget.tech/wp-content/themes/betheme_v26_распак/assets/jplayer/css/jplayer.png]
[leftma7t.beget.tech/wp-content/themes/betheme_v26_распак/assets/jplayer/css/jplayer.blue.monday.jpg]
[leftma7t.beget.tech/wp-content/themes/betheme_v26_распак/assets/jplayer/css/jplayer.blue.monday.seeking.62.delayed]
[leftma7t.beget.tech/wp-content/themes/betheme_v26_распак/fonts/fontawesome/fa-solid-900.woff]
[leftma7t.beget.tech/wp-content/themes/betheme_v26_распак/assets/jplayer/css/jplayer.blue.monday.min4828.css]
[leftma7t.beget.tech/wp-content/themes/betheme_v26_распак/assets/jplayer/css/jplayer.png]
[leftma7t.beget.tech/wp-content/themes/betheme_v26_распак/assets/jplayer/css/jplayer.blue.monday.jpg]
[leftma7t.beget.tech/wp-content/themes/betheme_v26_распак/css/responsive4828.css]
[leftma7t.beget.tech/wp-includes/js/jquery/jquery.minaf6c.js]
[leftma7t.beget.tech/wp-includes/js/jquery/jquery-migrate.mind617.js]
[leftma7t.beget.tech/wp-content/themes/betheme_v26_распак/assets/jplayer/css/jplayer.blue.monday.seeking.gif]
[leftma7t.beget.tech/xmlrpc0db0.html]
[leftma7t.beget.tech/wp-content/uploads/2022/03/personaltrainer3.svg]
[leftma7t.beget.tech/wp-content/uploads/2022/03/personaltrainer3-quote1.svg]
[leftma7t.beget.tech/wp-content/uploads/2022/03/personaltrainer3-diagram.svg]
[leftma7t.beget.tech/wp-content/uploads/2022/03/personaltrainer3-social1.svg]
[leftma7t.beget.tech/wp-content/uploads/2022/03/personaltrainer3-social1a.svg]
[leftma7t.beget.tech/wp-content/uploads/2022/03/personaltrainer3-social2.svg]
[leftma7t.beget.tech/wp-content/uploads/2022/03/personaltrainer3-social2a.svg]
[leftma7t.beget.tech/wp-content/uploads/2022/03/personaltrainer3-social3.svg]
[leftma7t.beget.tech/wp-content/uploads/2022/03/personaltrainer3-social3a.svg]
[leftma7t.beget.tech/wp-content/uploads/2022/03/personaltrainer3-icon1.svg]
[leftma7t.beget.tech/wp-content/uploads/2022/03/personaltrainer3-icon2.svg]
[leftma7t.beget.tech/wp-content/uploads/2022/03/personaltrainer3-icon3.svg]
[leftma7t.beget.tech/wp-content/uploads/2022/03/personaltrainer3-icon4.svg]
[leftma7t.beget.tech/wp-content/uploads/2022/03/personaltrainer3-quote2.svg]
[leftma7t.beget.tech/wp-content/uploads/2022/03/personaltrainer3-pic4.svg]
[leftma7t.beget.tech/wp-content/uploads/2022/03/personaltrainer3-logo.svg]
[leftma7t.beget.tech/wp-content/uploads/betheme/css/post-65839.css]
[leftma7t.beget.tech/wp-includes/js/dist/vendor/regenerator-runtime.min3937.js]
[leftma7t.beget.tech/wp-includes/js/dist/vendor/wp-polyfill.min2c7c.js]
[leftma7t.beget.tech/wp-content/plugins/contact-form-7/includes/js/index5697.js]
[leftma7t.beget.tech/wp-includes/js/jquery/ui/core.min0028.js]
[leftma7t.beget.tech/wp-includes/js/jquery/ui/tabs.min0028.js]
[leftma7t.beget.tech/wp-content/themes/betheme_v26_распак/js/plugins4828.js]
[leftma7t.beget.tech/wp-content/themes/betheme_v26_распак/js/menu4828.js]
[leftma7t.beget.tech/wp-content/themes/betheme_v26_распак/assets/animations/animations.min4828.js]
[leftma7t.beget.tech/wp-content/themes/betheme_v26_распак/assets/jplayer/jplayer.min4828.js]
[leftma7t.beget.tech/wp-content/themes/betheme_v26_распак/js/parallax/translate3d4828.js]
[leftma7t.beget.tech/wp-content/themes/betheme_v26_распак/js/scripts4828.js]
[leftma7t.beget.tech/wp-content/themes/betheme_v26_распак/fonts/mfn/icons4cdc.svg]
[leftma7t.beget.tech/wp-content/themes/betheme_v26_распак/muffin-options/svg/be-mono.svg]
[leftma7t.beget.tech/wp-content/themes/betheme_v26_распак/images/mask_shapes/circle.svg]
[leftma7t.beget.tech/wp-content/themes/betheme_v26_распак/images/mask_shapes/blob.svg]
[leftma7t.beget.tech/wp-content/themes/betheme_v26_распак/images/mask_shapes/blob-2.svg]
[leftma7t.beget.tech/wp-content/themes/betheme_v26_распак/images/mask_shapes/brush.svg]
[leftma7t.beget.tech/wp-content/themes/betheme_v26_распак/images/mask_shapes/brush-2.svg]
[leftma7t.beget.tech/wp-content/themes/betheme_v26_распак/images/mask_shapes/cross.svg]
[leftma7t.beget.tech/wp-content/themes/betheme_v26_распак/images/mask_shapes/stain.svg]
[leftma7t.beget.tech/wp-content/themes/betheme_v26_распак/images/mask_shapes/triangle.svg]
[leftma7t.beget.tech/wp-content/themes/betheme_v26_распак/images/mask_shapes/irregular-circle.svg]
[leftma7t.beget.tech/wp-content/themes/betheme_v26_распак/fonts/fontawesome/fa-brands-400.svg]
[leftma7t.beget.tech/wp-content/themes/betheme_v26_распак/fonts/fontawesome/fa-regular-400.svg]
[leftma7t.beget.tech/wp-content/uploads/2022/03/personaltrainer3-section-bg1.webp]
[leftma7t.beget.tech/wp-content/themes/betheme_v26_распак/fonts/fontawesome/fa-solid-900.svg]
